=== Running OLT Optimization Tests ===

Test Case 1: Simple Cluster (Should be near 10,10)
Optimal Location: {
  name: 'Oeste (-500m)',
  lat: 10.001833333333334,
  lng: 9.997333333333334,
  type: 'offset',
  scoreTotal: 91.07,
  details: {
    avgDistKm: 0.5,
    maxDistKm: 0.63,
    scoreDist: 100,
    scoreCost: 90.21727125138877,
    scoreAccess: 90,
    scoreScale: 60
  }
}
Details: {
  avgDistKm: 0.5,
  maxDistKm: 0.63,
  scoreDist: 100,
  scoreCost: 90.21727125138877,
  scoreAccess: 90,
  scoreScale: 60
}

Test Case 2: Linear Distribution
Optimal Location: {
  name: 'Centroide Ponderado',
  lat: 10.2,
  lng: 10,
  type: 'centroid',
  scoreTotal: 49,
  details: {
    avgDistKm: 13.34,
    maxDistKm: 22.24,
    scoreDist: 0,
    scoreCost: 100,
    scoreAccess: 50,
    scoreScale: 90
  }
}

Test Case 3: Extreme Distance (Should have 0 dist score)
Optimal Details: {
  avgDistKm: 39,
  maxDistKm: 39.01,
  scoreDist: 0,
  scoreCost: 100,
  scoreAccess: 70,
  scoreScale: 90
}

Tests Completed.
